Reusing configuration cache.
> Task :shared:generateAndroidMainAssets UP-TO-DATE
> Task :shared:generateAndroidHostTestAssets UP-TO-DATE
> Task :shared:androidPreBuild UP-TO-DATE
> Task :shared:preAndroidHostTestBuild UP-TO-DATE
> Task :shared:preAndroidMainBuild UP-TO-DATE
> Task :shared:convertXmlValueResourcesForAndroidHostTest NO-SOURCE
> Task :shared:convertXmlValueResourcesForAndroidMain NO-SOURCE
> Task :shared:convertXmlValueResourcesForCommonTest NO-SOURCE
> Task :shared:generateExpectResourceCollectorsForCommonMain UP-TO-DATE
> Task :shared:copyNonXmlValueResourcesForAndroidMain NO-SOURCE
> Task :shared:mapAndroidHostTestSourceSetPaths UP-TO-DATE
> Task :shared:processAndroidHostTestJavaRes NO-SOURCE
> Task :shared:prepareComposeResourcesTaskForAndroidMain NO-SOURCE
> Task :shared:copyNonXmlValueResourcesForCommonTest NO-SOURCE
> Task :shared:writeAndroidMainAarMetadata UP-TO-DATE
> Task :shared:copyNonXmlValueResourcesForAndroidHostTest NO-SOURCE
> Task :shared:prepareComposeResourcesTaskForCommonTest NO-SOURCE
> Task :shared:generateResourceAccessorsForAndroidMain NO-SOURCE
> Task :shared:generateComposeResClass UP-TO-DATE
> Task :shared:generateAndroidHostTestResources UP-TO-DATE
> Task :androidApp:preBuild UP-TO-DATE
> Task :shared:generateAndroidMainEmptyResourceFiles UP-TO-DATE
> Task :androidApp:generateDebugAssets UP-TO-DATE
> Task :shared:kmpPartiallyResolvedDependenciesChecker
> Task :androidApp:preDebugBuild UP-TO-DATE
> Task :shared:mapAndroidMainSourceSetPaths UP-TO-DATE
> Task :shared:convertXmlValueResourcesForCommonMain NO-SOURCE
> Task :shared:prepareComposeResourcesTaskForAndroidHostTest NO-SOURCE
> Task :shared:checkKotlinGradlePluginConfigurationErrors SKIPPED
> Task :shared:processAndroidMainManifest UP-TO-DATE
> Task :shared:androidJar UP-TO-DATE
> Task :shared:generateResourceAccessorsForAndroidHostTest NO-SOURCE
> Task :androidApp:mergeDebugNativeDebugMetadata NO-SOURCE
> Task :androidApp:generateDebugResources UP-TO-DATE
> Task :shared:generateResourceAccessorsForCommonTest NO-SOURCE
> Task :shared:mergeAndroidMainJniLibFolders UP-TO-DATE
> Task :androidApp:javaPreCompileDebug UP-TO-DATE
> Task :androidApp:mapDebugSourceSetPaths UP-TO-DATE
> Task :androidApp:desugarDebugFileDependencies UP-TO-DATE
> Task :androidApp:createDebugCompatibleScreenManifests UP-TO-DATE
> Task :shared:copyNonXmlValueResourcesForCommonMain UP-TO-DATE
> Task :androidApp:validateSigningDebug UP-TO-DATE
> Task :androidApp:writeDebugAppMetadata UP-TO-DATE
> Task :shared:mergeAndroidMainNativeLibs NO-SOURCE
> Task :androidApp:extractDeepLinksDebug UP-TO-DATE
> Task :androidApp:mergeDebugJniLibFolders UP-TO-DATE
> Task :androidApp:packageDebugResources UP-TO-DATE
> Task :androidApp:writeDebugSigningConfigVersions UP-TO-DATE
> Task :shared:copyAndroidMainJniLibsProjectOnly UP-TO-DATE
> Task :shared:prepareComposeResourcesTaskForCommonMain UP-TO-DATE
> Task :shared:copyAndroidMainComposeResourcesToAndroidAssets UP-TO-DATE
> Task :shared:generateResourceAccessorsForCommonMain UP-TO-DATE
> Task :shared:generateActualResourceCollectorsForAndroidMain UP-TO-DATE
> Task :shared:mergeAndroidMainAssets UP-TO-DATE
> Task :shared:packageAndroidMainResources UP-TO-DATE
> Task :shared:compileAndroidMainLibraryResources UP-TO-DATE
> Task :shared:parseAndroidMainLocalResources UP-TO-DATE
> Task :shared:generateAndroidMainRFile UP-TO-DATE
> Task :androidApp:checkDebugDuplicateClasses UP-TO-DATE
> Task :androidApp:checkDebugAarMetadata UP-TO-DATE
> Task :androidApp:processDebugNavigationResources UP-TO-DATE
> Task :androidApp:compileDebugNavigationResources UP-TO-DATE
> Task :androidApp:parseDebugLocalResources UP-TO-DATE
> Task :androidApp:mergeDebugNativeLibs UP-TO-DATE
> Task :shared:mergeAndroidHostTestResources UP-TO-DATE
> Task :shared:checkAndroidHostTestAarMetadata UP-TO-DATE
> Task :shared:mergeAndroidHostTestAssets UP-TO-DATE
> Task :androidApp:generateDebugRFile UP-TO-DATE
> Task :androidApp:mergeDebugAssets UP-TO-DATE
> Task :androidApp:compressDebugAssets UP-TO-DATE
> Task :androidApp:stripDebugDebugSymbols UP-TO-DATE
> Task :androidApp:mergeDebugResources UP-TO-DATE
> Task :androidApp:processDebugMainManifest UP-TO-DATE
> Task :androidApp:mergeExtDexDebug UP-TO-DATE
> Task :androidApp:processDebugManifest UP-TO-DATE
> Task :androidApp:processDebugManifestForPackage UP-TO-DATE
> Task :shared:processAndroidHostTestManifest UP-TO-DATE
> Task :shared:processAndroidHostTestResources UP-TO-DATE
> Task :androidApp:processDebugResources UP-TO-DATE
> Task :shared:packageAndroidHostTestForUnitTest UP-TO-DATE
> Task :shared:generateAndroidHostTestConfig UP-TO-DATE
> Task :shared:compileAndroidMain
> Task :shared:processAndroidMainJavaRes UP-TO-DATE
> Task :shared:bundleLibRuntimeToDirAndroidMain
> Task :shared:bundleAndroidMainClassesToCompileJar
> Task :shared:bundleAndroidMainClassesToRuntimeJar
> Task :androidApp:compileDebugKotlin UP-TO-DATE
> Task :androidApp:processDebugJavaRes UP-TO-DATE
> Task :androidApp:compileDebugJavaWithJavac NO-SOURCE
> Task :androidApp:dexBuilderDebug UP-TO-DATE
> Task :androidApp:mergeProjectDexDebug UP-TO-DATE
> Task :androidApp:mergeDebugJavaResource UP-TO-DATE
> Task :androidApp:mergeLibDexDebug
> Task :androidApp:packageDebug
> Task :androidApp:assembleDebug
> Task :androidApp:createDebugApkListingFileRedirect UP-TO-DATE
> Task :shared:compileAndroidHostTest
> Task :shared:testAndroidHostTest

BUILD SUCCESSFUL in 23s
71 actionable tasks: 9 executed, 62 up-to-date
Configuration cache entry reused.
